2026-04-14 09:35:08 | INFO    | resistancemap | Logging to logs/pipeline.log
2026-04-14 09:35:08 | WARNING | resistancemap | W&B init failed (continuing without): No API key configured. Use `wandb login` to log in.
2026-04-14 09:35:08 | INFO    | resistancemap.main | Agentic pipeline: 10 agents in 9 parallel layers
2026-04-14 09:35:08 | INFO    | resistancemap.main |   Layer 0: ['data_validation']
2026-04-14 09:35:08 | INFO    | resistancemap.main |   Layer 1: ['data_prep']
2026-04-14 09:35:08 | INFO    | resistancemap.main |   Layer 2: ['vae_pretrain', 'esm2_embed']
2026-04-14 09:35:08 | INFO    | resistancemap.main |   Layer 3: ['vae_finetune']
2026-04-14 09:35:08 | INFO    | resistancemap.main |   Layer 4: ['trajectory']
2026-04-14 09:35:08 | INFO    | resistancemap.main |   Layer 5: ['protein_net']
2026-04-14 09:35:08 | INFO    | resistancemap.main |   Layer 6: ['fusion']
2026-04-14 09:35:08 | INFO    | resistancemap.main |   Layer 7: ['landscape']
2026-04-14 09:35:08 | INFO    | resistancemap.main |   Layer 8: ['validation']
2026-04-14 09:35:08 | INFO    | resistancemap.main | AgentOps initialized: Tracer + Evaluator + Optimizer
2026-04-14 09:35:08 | INFO    | resistancemap.main | Zero-trust verification active: 8 guardrails loaded
2026-04-14 09:35:08 | INFO    | resistancemap.main | Data quality profiler ready (SOTA benchmarks loaded)
2026-04-14 09:35:08 | INFO    | resistancemap.main | Latent compute scheduler: GPU budget=24GB, max_concurrent=2
2026-04-14 09:35:08 | INFO    | resistancemap.main | ========================================================================
2026-04-14 09:35:08 | INFO    | resistancemap.main | EXECUTING AGENTIC PIPELINE
2026-04-14 09:35:08 | INFO    | resistancemap.main | ========================================================================
2026-04-14 09:35:08 | INFO    | resistancemap.agents.orchestrator | Orchestrator: Starting execution of 10 agents in 9 layers
2026-04-14 09:35:08 | INFO    | resistancemap.agents.orchestrator | Orchestrator: Layer 0 (1 agents)
2026-04-14 09:35:08 | INFO    | resistancemap.agents.base | data_validation: Starting execution
2026-04-14 09:35:08 | INFO    | resistancemap | >>> STAGE START: data_validate
2026-04-14 09:35:08 | ERROR   | resistancemap.agents.specialized | DataValidationAgent failed
Traceback (most recent call last):
  File "/home/aj0486@students.ad.unt.edu/pipeline3/ResistanceMap/resistancemap/agents/specialized.py", line 63, in execute
    await asyncio.to_thread(validate_data_files, config, ckpt_mgr)
  File "/usr/lib/python3.12/asyncio/threads.py", line 25, in to_thread
    return await loop.run_in_executor(None, func_call)
           ^^^^^^^^^^^^^^^^^^^^^^^^^^^^^^^^^^^^^^^^^^^
  File "/usr/lib/python3.12/concurrent/futures/thread.py", line 58, in run
    result = self.fn(*self.args, **self.kwargs)
             ^^^^^^^^^^^^^^^^^^^^^^^^^^^^^^^^^^
  File "/home/aj0486@students.ad.unt.edu/pipeline3/ResistanceMap/resistancemap/main.py", line 269, in validate_data_files
    if not config.data.ccle_proteomics_path.exists():
           ^^^^^^^^^^^^^^^^^^^^^^^^^^^^^^^^^^^^^^^
AttributeError: 'str' object has no attribute 'exists'
2026-04-14 09:35:08 | INFO    | resistancemap.agents.base | data_validation: Execution complete (status=failed)
2026-04-14 09:35:08 | ERROR   | resistancemap.agents.orchestrator |   data_validation: FAILED (Data validation error: 'str' object has no attribute 'exists')
2026-04-14 09:35:08 | INFO    | resistancemap.agents.orchestrator | Orchestrator: Layer 1 (1 agents)
2026-04-14 09:35:08 | ERROR   | resistancemap.agents.orchestrator |   data_prep: FAILED (Dependency data_validation failed: Data validation error: 'str' object has no attribute 'exists')
2026-04-14 09:35:08 | INFO    | resistancemap.agents.orchestrator | Orchestrator: Layer 2 (2 agents)
2026-04-14 09:35:08 | ERROR   | resistancemap.agents.orchestrator |   vae_pretrain: FAILED (Dependency data_prep failed: Dependency data_validation failed: Data validation error: 'str' object has no attribute 'exists')
2026-04-14 09:35:08 | ERROR   | resistancemap.agents.orchestrator |   esm2_embed: FAILED (Dependency data_prep failed: Dependency data_validation failed: Data validation error: 'str' object has no attribute 'exists')
2026-04-14 09:35:08 | INFO    | resistancemap.agents.orchestrator | Orchestrator: Layer 3 (1 agents)
2026-04-14 09:35:08 | ERROR   | resistancemap.agents.orchestrator |   vae_finetune: FAILED (Dependency vae_pretrain failed: Dependency data_prep failed: Dependency data_validation failed: Data validation error: 'str' object has no attribute 'exists')
2026-04-14 09:35:08 | INFO    | resistancemap.agents.orchestrator | Orchestrator: Layer 4 (1 agents)
2026-04-14 09:35:08 | ERROR   | resistancemap.agents.orchestrator |   trajectory: FAILED (Dependency vae_finetune failed: Dependency vae_pretrain failed: Dependency data_prep failed: Dependency data_validation failed: Data validation error: 'str' object has no attribute 'exists')
2026-04-14 09:35:08 | INFO    | resistancemap.agents.orchestrator | Orchestrator: Layer 5 (1 agents)
2026-04-14 09:35:08 | ERROR   | resistancemap.agents.orchestrator |   protein_net: FAILED (Dependency esm2_embed failed: Dependency data_prep failed: Dependency data_validation failed: Data validation error: 'str' object has no attribute 'exists')
2026-04-14 09:35:08 | INFO    | resistancemap.agents.orchestrator | Orchestrator: Layer 6 (1 agents)
2026-04-14 09:35:08 | ERROR   | resistancemap.agents.orchestrator |   fusion: FAILED (Dependency trajectory failed: Dependency vae_finetune failed: Dependency vae_pretrain failed: Dependency data_prep failed: Dependency data_validation failed: Data validation error: 'str' object has no attribute 'exists')
2026-04-14 09:35:08 | INFO    | resistancemap.agents.orchestrator | Orchestrator: Layer 7 (1 agents)
2026-04-14 09:35:08 | ERROR   | resistancemap.agents.orchestrator |   landscape: FAILED (Dependency fusion failed: Dependency trajectory failed: Dependency vae_finetune failed: Dependency vae_pretrain failed: Dependency data_prep failed: Dependency data_validation failed: Data validation error: 'str' object has no attribute 'exists')
2026-04-14 09:35:08 | INFO    | resistancemap.agents.orchestrator | Orchestrator: Layer 8 (1 agents)
2026-04-14 09:35:08 | ERROR   | resistancemap.agents.orchestrator |   validation: FAILED (Dependency landscape failed: Dependency fusion failed: Dependency trajectory failed: Dependency vae_finetune failed: Dependency vae_pretrain failed: Dependency data_prep failed: Dependency data_validation failed: Data validation error: 'str' object has no attribute 'exists')
2026-04-14 09:35:08 | INFO    | resistancemap.agents.orchestrator | Orchestrator: Execution complete in 0.0s. Completed: 0/10
2026-04-14 09:35:08 | INFO    | resistancemap.main | ========================================================================
2026-04-14 09:35:08 | INFO    | resistancemap.main | PIPELINE COMPLETE
2026-04-14 09:35:08 | INFO    | resistancemap.main |   Total time: 0.1s
2026-04-14 09:35:08 | INFO    | resistancemap.main |   Agents completed: 0/10
2026-04-14 09:35:08 | INFO    | resistancemap.main |   Verification chain: 10 hashes
2026-04-14 09:35:08 | WARNING | resistancemap.main |   Failed agents: ['data_validation', 'data_prep', 'vae_pretrain', 'esm2_embed', 'vae_finetune', 'trajectory', 'protein_net', 'fusion', 'landscape', 'validation']
2026-04-14 09:35:08 | INFO    | resistancemap.main | ========================================================================
2026-04-14 09:35:08 | INFO    | resistancemap.main | AgentOps dashboard exported: logs/agentops_dashboard.json

============================================================
ResistanceMap Pipeline Complete
  Mode: Agentic (DAG parallel execution)
  Agents: 0/10 completed
  Layers: 9
  Verification chain: 10 hashes
  Elapsed: 0.1s
  FAILED: ['data_validation', 'data_prep', 'vae_pretrain', 'esm2_embed', 'vae_finetune', 'trajectory', 'protein_net', 'fusion', 'landscape', 'validation']
============================================================

